2026-03-31 13:26:53,192 INFO: Fallback logging configured (utils.logging_setup not found)
2026-03-31 13:26:53,213 INFO: Loaded .env from C:\Users\pde15\Desktop\hsi_crop_preprcoessing\pyqt_code\third_pixel_classification_tool\.env
2026-03-31 13:26:53,214 INFO: icon.rcc not found (skip)
2026-03-31 13:27:04,594 INFO: [MainWindow] image_cd를 .info 파일에 저장: E:\3dlabs_data\sample\sample.mat -> 20
2026-03-31 13:27:04,614 INFO: [ResampleCache] cached result loaded
2026-03-31 13:27:04,615 INFO: [ResampleCache] loaded: splib_raw=2462, splib_cr=2462, label_raw=2, label_cr=2
2026-03-31 13:27:04,616 INFO: [CID0_TRACE] apply_hsi_after_cache_bind: splib_raw:[key0->shape=(1, 150) dtype=float32] | splib_cr:[key0->shape=(1, 150) dtype=float32] | label_raw:no_cid0(n=2) | label_cr:no_cid0(n=2)
2026-03-31 13:27:04,616 INFO: [rebuild] label_raw input: 2 classes, samples={8: 2, 6: 2}
2026-03-31 13:27:04,617 INFO: [rebuild] label_cr input: 2 classes, samples={8: 2, 6: 2}
2026-03-31 13:27:04,617 INFO: [_norm_entries] splib_raw: input dict with 2462 keys
2026-03-31 13:27:04,626 INFO: [_norm_entries] splib_raw: output 2462 classes, 2462 total samples
2026-03-31 13:27:04,627 INFO: [_norm_entries] splib_cr: input dict with 2462 keys
2026-03-31 13:27:04,642 INFO: [_norm_entries] splib_cr: output 2462 classes, 2462 total samples
2026-03-31 13:27:04,643 INFO: [_norm_entries] label_raw: input dict with 2 keys
2026-03-31 13:27:04,643 INFO: [_norm_entries] label_raw: output 2 classes, 4 total samples
2026-03-31 13:27:04,644 INFO: [_norm_entries] label_cr: input dict with 2 keys
2026-03-31 13:27:04,644 INFO: [_norm_entries] label_cr: output 2 classes, 4 total samples
2026-03-31 13:27:04,644 INFO: [rebuild] after _norm_entries: label_raw_norm=2 classes, label_cr_norm=2 classes
2026-03-31 13:27:04,729 INFO: [CID0_TRACE] rebuild_lib_after_norm: splib_raw_norm:[key0->shape=(1, 150) dtype=float32] | splib_cr_norm:[key0->shape=(1, 150) dtype=float32] | label_raw_norm:no_cid0(n=2) | label_cr_norm:no_cid0(n=2) | lib:[key0->shape=(1, 150) dtype=float32]
2026-03-31 13:27:04,733 INFO: [rebuild] classes: splib_raw=2462, splib_cr=2462, label_raw=2, label_cr=2, lib(raw+splib+label raw)=2462, merged_lib_cr=2462
2026-03-31 13:27:04,733 INFO: [rebuild] label_raw=2 classes / 4 samples, label_cr=2 classes / 4 samples, lib=2462 classes / 2466 samples
2026-03-31 13:27:04,745 INFO: [Rebuild] lib=2462 classes, labeling_lib=2 classes
2026-03-31 13:27:04,747 INFO: Resampling 완료 — splib_raw:2462, splib_cr:2462, label_raw:2, label_cr:2
2026-03-31 14:28:43,386 INFO: Fallback logging configured (utils.logging_setup not found)
2026-03-31 14:28:43,407 INFO: Loaded .env from C:\Users\pde15\Desktop\hsi_crop_preprcoessing\pyqt_code\third_pixel_classification_tool\.env
2026-03-31 14:28:43,408 INFO: icon.rcc not found (skip)
2026-03-31 14:28:55,603 INFO: [MainWindow] image_cd를 .info 파일에 저장: E:\3dlabs_data\sample\sample.mat -> 20
2026-03-31 14:28:55,627 INFO: [ResampleCache] cached result loaded
2026-03-31 14:28:55,627 INFO: [ResampleCache] loaded: splib_raw=2462, splib_cr=2462, label_raw=2, label_cr=2
2026-03-31 14:28:55,631 INFO: [CID0_TRACE] apply_hsi_after_cache_bind: splib_raw:[key0->shape=(1, 150) dtype=float32] | splib_cr:[key0->shape=(1, 150) dtype=float32] | label_raw:no_cid0(n=2) | label_cr:no_cid0(n=2)
2026-03-31 14:28:55,631 INFO: [rebuild] label_raw input: 2 classes, samples={8: 2, 6: 2}
2026-03-31 14:28:55,632 INFO: [rebuild] label_cr input: 2 classes, samples={8: 2, 6: 2}
2026-03-31 14:28:55,632 INFO: [_norm_entries] splib_raw: input dict with 2462 keys
2026-03-31 14:28:55,651 INFO: [_norm_entries] splib_raw: output 2462 classes, 2462 total samples
2026-03-31 14:28:55,652 INFO: [_norm_entries] splib_cr: input dict with 2462 keys
2026-03-31 14:28:55,669 INFO: [_norm_entries] splib_cr: output 2462 classes, 2462 total samples
2026-03-31 14:28:55,670 INFO: [_norm_entries] label_raw: input dict with 2 keys
2026-03-31 14:28:55,670 INFO: [_norm_entries] label_raw: output 2 classes, 4 total samples
2026-03-31 14:28:55,671 INFO: [_norm_entries] label_cr: input dict with 2 keys
2026-03-31 14:28:55,672 INFO: [_norm_entries] label_cr: output 2 classes, 4 total samples
2026-03-31 14:28:55,672 INFO: [rebuild] after _norm_entries: label_raw_norm=2 classes, label_cr_norm=2 classes
2026-03-31 14:28:55,745 INFO: [CID0_TRACE] rebuild_lib_after_norm: splib_raw_norm:[key0->shape=(1, 150) dtype=float32] | splib_cr_norm:[key0->shape=(1, 150) dtype=float32] | label_raw_norm:no_cid0(n=2) | label_cr_norm:no_cid0(n=2) | lib:[key0->shape=(1, 150) dtype=float32]
2026-03-31 14:28:55,748 INFO: [rebuild] classes: splib_raw=2462, splib_cr=2462, label_raw=2, label_cr=2, lib(raw+splib+label raw)=2462, merged_lib_cr=2462
2026-03-31 14:28:55,748 INFO: [rebuild] label_raw=2 classes / 4 samples, label_cr=2 classes / 4 samples, lib=2462 classes / 2466 samples
2026-03-31 14:28:55,764 INFO: [Rebuild] lib=2462 classes, labeling_lib=2 classes
2026-03-31 14:28:55,766 INFO: Resampling 완료 — splib_raw:2462, splib_cr:2462, label_raw:2, label_cr:2
2026-03-31 14:36:29,947 INFO: Fallback logging configured (utils.logging_setup not found)
2026-03-31 14:36:29,968 INFO: Loaded .env from C:\Users\pde15\Desktop\hsi_crop_preprcoessing\pyqt_code\third_pixel_classification_tool\.env
2026-03-31 14:36:29,969 INFO: icon.rcc not found (skip)
2026-03-31 14:37:04,148 INFO: [MainWindow] image_cd를 .info 파일에 저장: E:\3dlabs_data\sample\sample.mat -> 20
2026-03-31 14:37:04,162 INFO: [ResampleCache] cached result loaded
2026-03-31 14:37:04,162 INFO: [ResampleCache] loaded: splib_raw=2462, splib_cr=2462, label_raw=2, label_cr=2
2026-03-31 14:37:04,163 INFO: [CID0_TRACE] apply_hsi_after_cache_bind: splib_raw:[key0->shape=(1, 150) dtype=float32] | splib_cr:[key0->shape=(1, 150) dtype=float32] | label_raw:no_cid0(n=2) | label_cr:no_cid0(n=2)
2026-03-31 14:37:04,163 INFO: [rebuild] label_raw input: 2 classes, samples={8: 2, 6: 2}
2026-03-31 14:37:04,164 INFO: [rebuild] label_cr input: 2 classes, samples={8: 2, 6: 2}
2026-03-31 14:37:04,164 INFO: [_norm_entries] splib_raw: input dict with 2462 keys
2026-03-31 14:37:04,171 INFO: [_norm_entries] splib_raw: output 2462 classes, 2462 total samples
2026-03-31 14:37:04,171 INFO: [_norm_entries] splib_cr: input dict with 2462 keys
2026-03-31 14:37:04,178 INFO: [_norm_entries] splib_cr: output 2462 classes, 2462 total samples
2026-03-31 14:37:04,180 INFO: [_norm_entries] label_raw: input dict with 2 keys
2026-03-31 14:37:04,180 INFO: [_norm_entries] label_raw: output 2 classes, 4 total samples
2026-03-31 14:37:04,180 INFO: [_norm_entries] label_cr: input dict with 2 keys
2026-03-31 14:37:04,180 INFO: [_norm_entries] label_cr: output 2 classes, 4 total samples
2026-03-31 14:37:04,180 INFO: [rebuild] after _norm_entries: label_raw_norm=2 classes, label_cr_norm=2 classes
2026-03-31 14:37:04,240 INFO: [CID0_TRACE] rebuild_lib_after_norm: splib_raw_norm:[key0->shape=(1, 150) dtype=float32] | splib_cr_norm:[key0->shape=(1, 150) dtype=float32] | label_raw_norm:no_cid0(n=2) | label_cr_norm:no_cid0(n=2) | lib:[key0->shape=(1, 150) dtype=float32]
2026-03-31 14:37:04,242 INFO: [rebuild] classes: splib_raw=2462, splib_cr=2462, label_raw=2, label_cr=2, lib(raw+splib+label raw)=2462, merged_lib_cr=2462
2026-03-31 14:37:04,243 INFO: [rebuild] label_raw=2 classes / 4 samples, label_cr=2 classes / 4 samples, lib=2462 classes / 2466 samples
2026-03-31 14:37:04,250 INFO: [Rebuild] lib=2462 classes, labeling_lib=2 classes
2026-03-31 14:37:04,252 INFO: Resampling 완료 — splib_raw:2462, splib_cr:2462, label_raw:2, label_cr:2
2026-03-31 14:44:01,519 INFO: Fallback logging configured (utils.logging_setup not found)
2026-03-31 14:44:01,551 INFO: Loaded .env from C:\Users\pde15\Desktop\hsi_crop_preprcoessing\pyqt_code\third_pixel_classification_tool\.env
2026-03-31 14:44:01,553 INFO: icon.rcc not found (skip)
2026-03-31 14:44:30,147 INFO: [MainWindow] image_cd를 .info 파일에 저장: E:\3dlabs_data\sample\sample.mat -> 20
2026-03-31 14:44:30,160 INFO: [ResampleCache] cached result loaded
2026-03-31 14:44:30,160 INFO: [ResampleCache] loaded: splib_raw=2462, splib_cr=2462, label_raw=2, label_cr=2
2026-03-31 14:44:30,162 INFO: [CID0_TRACE] apply_hsi_after_cache_bind: splib_raw:[key0->shape=(1, 150) dtype=float32] | splib_cr:[key0->shape=(1, 150) dtype=float32] | label_raw:no_cid0(n=2) | label_cr:no_cid0(n=2)
2026-03-31 14:44:30,162 INFO: [rebuild] label_raw input: 2 classes, samples={8: 2, 6: 2}
2026-03-31 14:44:30,162 INFO: [rebuild] label_cr input: 2 classes, samples={8: 2, 6: 2}
2026-03-31 14:44:30,163 INFO: [_norm_entries] splib_raw: input dict with 2462 keys
2026-03-31 14:44:30,171 INFO: [_norm_entries] splib_raw: output 2462 classes, 2462 total samples
2026-03-31 14:44:30,172 INFO: [_norm_entries] splib_cr: input dict with 2462 keys
2026-03-31 14:44:30,179 INFO: [_norm_entries] splib_cr: output 2462 classes, 2462 total samples
2026-03-31 14:44:30,181 INFO: [_norm_entries] label_raw: input dict with 2 keys
2026-03-31 14:44:30,181 INFO: [_norm_entries] label_raw: output 2 classes, 4 total samples
2026-03-31 14:44:30,181 INFO: [_norm_entries] label_cr: input dict with 2 keys
2026-03-31 14:44:30,182 INFO: [_norm_entries] label_cr: output 2 classes, 4 total samples
2026-03-31 14:44:30,182 INFO: [rebuild] after _norm_entries: label_raw_norm=2 classes, label_cr_norm=2 classes
2026-03-31 14:44:30,247 INFO: [CID0_TRACE] rebuild_lib_after_norm: splib_raw_norm:[key0->shape=(1, 150) dtype=float32] | splib_cr_norm:[key0->shape=(1, 150) dtype=float32] | label_raw_norm:no_cid0(n=2) | label_cr_norm:no_cid0(n=2) | lib:[key0->shape=(1, 150) dtype=float32]
2026-03-31 14:44:30,250 INFO: [rebuild] classes: splib_raw=2462, splib_cr=2462, label_raw=2, label_cr=2, lib(raw+splib+label raw)=2462, merged_lib_cr=2462
2026-03-31 14:44:30,250 INFO: [rebuild] label_raw=2 classes / 4 samples, label_cr=2 classes / 4 samples, lib=2462 classes / 2466 samples
2026-03-31 14:44:30,258 INFO: [Rebuild] lib=2462 classes, labeling_lib=2 classes
2026-03-31 14:44:30,259 INFO: Resampling 완료 — splib_raw:2462, splib_cr:2462, label_raw:2, label_cr:2
2026-03-31 14:45:51,749 ERROR: [NPZ] failed to serialize id_to_name
Traceback (most recent call last):
  File "C:\Users\pde15\Desktop\hsi_crop_preprcoessing\pyqt_code\third_pixel_classification_tool\views\main_window.py", line 3182, in _save_npz_with_meta
    [norm_map[i] for i in present_ids], dtype=np.unicode_
  File "C:\Users\pde15\anaconda3\envs\hsi_crop_env\lib\site-packages\numpy\__init__.py", line 413, in __getattr__
    raise AttributeError(
AttributeError: `np.unicode_` was removed in the NumPy 2.0 release. Use `np.str_` instead.
2026-03-31 14:48:12,708 INFO: Fallback logging configured (utils.logging_setup not found)
2026-03-31 14:48:12,726 INFO: Loaded .env from C:\Users\pde15\Desktop\hsi_crop_preprcoessing\pyqt_code\third_pixel_classification_tool\.env
2026-03-31 14:48:12,727 INFO: icon.rcc not found (skip)
2026-03-31 14:48:24,681 INFO: [MainWindow] image_cd를 .info 파일에 저장: E:\3dlabs_data\sample\sample.mat -> 20
2026-03-31 14:48:24,700 INFO: [ResampleCache] cached result loaded
2026-03-31 14:48:24,700 INFO: [ResampleCache] loaded: splib_raw=2462, splib_cr=2462, label_raw=2, label_cr=2
2026-03-31 14:48:24,700 INFO: [CID0_TRACE] apply_hsi_after_cache_bind: splib_raw:[key0->shape=(1, 150) dtype=float32] | splib_cr:[key0->shape=(1, 150) dtype=float32] | label_raw:no_cid0(n=2) | label_cr:no_cid0(n=2)
2026-03-31 14:48:24,702 INFO: [rebuild] label_raw input: 2 classes, samples={8: 2, 6: 2}
2026-03-31 14:48:24,702 INFO: [rebuild] label_cr input: 2 classes, samples={8: 2, 6: 2}
2026-03-31 14:48:24,702 INFO: [_norm_entries] splib_raw: input dict with 2462 keys
2026-03-31 14:48:24,709 INFO: [_norm_entries] splib_raw: output 2462 classes, 2462 total samples
2026-03-31 14:48:24,710 INFO: [_norm_entries] splib_cr: input dict with 2462 keys
2026-03-31 14:48:24,720 INFO: [_norm_entries] splib_cr: output 2462 classes, 2462 total samples
2026-03-31 14:48:24,720 INFO: [_norm_entries] label_raw: input dict with 2 keys
2026-03-31 14:48:24,721 INFO: [_norm_entries] label_raw: output 2 classes, 4 total samples
2026-03-31 14:48:24,721 INFO: [_norm_entries] label_cr: input dict with 2 keys
2026-03-31 14:48:24,722 INFO: [_norm_entries] label_cr: output 2 classes, 4 total samples
2026-03-31 14:48:24,722 INFO: [rebuild] after _norm_entries: label_raw_norm=2 classes, label_cr_norm=2 classes
2026-03-31 14:48:24,787 INFO: [CID0_TRACE] rebuild_lib_after_norm: splib_raw_norm:[key0->shape=(1, 150) dtype=float32] | splib_cr_norm:[key0->shape=(1, 150) dtype=float32] | label_raw_norm:no_cid0(n=2) | label_cr_norm:no_cid0(n=2) | lib:[key0->shape=(1, 150) dtype=float32]
2026-03-31 14:48:24,790 INFO: [rebuild] classes: splib_raw=2462, splib_cr=2462, label_raw=2, label_cr=2, lib(raw+splib+label raw)=2462, merged_lib_cr=2462
2026-03-31 14:48:24,790 INFO: [rebuild] label_raw=2 classes / 4 samples, label_cr=2 classes / 4 samples, lib=2462 classes / 2466 samples
2026-03-31 14:48:24,800 INFO: [Rebuild] lib=2462 classes, labeling_lib=2 classes
2026-03-31 14:48:24,801 INFO: Resampling 완료 — splib_raw:2462, splib_cr:2462, label_raw:2, label_cr:2
2026-03-31 14:49:18,783 ERROR: [NPZ] failed to serialize id_to_name
Traceback (most recent call last):
  File "C:\Users\pde15\Desktop\hsi_crop_preprcoessing\pyqt_code\third_pixel_classification_tool\views\main_window.py", line 3182, in _save_npz_with_meta
    [norm_map[i] for i in present_ids], dtype=np.unicode_
  File "C:\Users\pde15\anaconda3\envs\hsi_crop_env\lib\site-packages\numpy\__init__.py", line 413, in __getattr__
    raise AttributeError(
AttributeError: `np.unicode_` was removed in the NumPy 2.0 release. Use `np.str_` instead.
2026-03-31 15:01:12,360 INFO: Fallback logging configured (utils.logging_setup not found)
2026-03-31 15:01:12,379 INFO: Loaded .env from C:\Users\pde15\Desktop\hsi_crop_preprcoessing\pyqt_code\third_pixel_classification_tool\.env
2026-03-31 15:01:12,380 INFO: icon.rcc not found (skip)
2026-03-31 15:01:21,289 INFO: [MainWindow] image_cd를 .info 파일에 저장: E:\3dlabs_data\sample\sample.mat -> 20
2026-03-31 15:01:21,301 INFO: [ResampleCache] cached result loaded
2026-03-31 15:01:21,302 INFO: [ResampleCache] loaded: splib_raw=2462, splib_cr=2462, label_raw=2, label_cr=2
2026-03-31 15:01:21,303 INFO: [CID0_TRACE] apply_hsi_after_cache_bind: splib_raw:[key0->shape=(1, 150) dtype=float32] | splib_cr:[key0->shape=(1, 150) dtype=float32] | label_raw:no_cid0(n=2) | label_cr:no_cid0(n=2)
2026-03-31 15:01:21,303 INFO: [rebuild] label_raw input: 2 classes, samples={8: 2, 6: 2}
2026-03-31 15:01:21,303 INFO: [rebuild] label_cr input: 2 classes, samples={8: 2, 6: 2}
2026-03-31 15:01:21,304 INFO: [_norm_entries] splib_raw: input dict with 2462 keys
2026-03-31 15:01:21,312 INFO: [_norm_entries] splib_raw: output 2462 classes, 2462 total samples
2026-03-31 15:01:21,312 INFO: [_norm_entries] splib_cr: input dict with 2462 keys
2026-03-31 15:01:21,321 INFO: [_norm_entries] splib_cr: output 2462 classes, 2462 total samples
2026-03-31 15:01:21,322 INFO: [_norm_entries] label_raw: input dict with 2 keys
2026-03-31 15:01:21,322 INFO: [_norm_entries] label_raw: output 2 classes, 4 total samples
2026-03-31 15:01:21,323 INFO: [_norm_entries] label_cr: input dict with 2 keys
2026-03-31 15:01:21,323 INFO: [_norm_entries] label_cr: output 2 classes, 4 total samples
2026-03-31 15:01:21,323 INFO: [rebuild] after _norm_entries: label_raw_norm=2 classes, label_cr_norm=2 classes
2026-03-31 15:01:21,385 INFO: [CID0_TRACE] rebuild_lib_after_norm: splib_raw_norm:[key0->shape=(1, 150) dtype=float32] | splib_cr_norm:[key0->shape=(1, 150) dtype=float32] | label_raw_norm:no_cid0(n=2) | label_cr_norm:no_cid0(n=2) | lib:[key0->shape=(1, 150) dtype=float32]
2026-03-31 15:01:21,387 INFO: [rebuild] classes: splib_raw=2462, splib_cr=2462, label_raw=2, label_cr=2, lib(raw+splib+label raw)=2462, merged_lib_cr=2462
2026-03-31 15:01:21,388 INFO: [rebuild] label_raw=2 classes / 4 samples, label_cr=2 classes / 4 samples, lib=2462 classes / 2466 samples
2026-03-31 15:01:21,397 INFO: [Rebuild] lib=2462 classes, labeling_lib=2 classes
2026-03-31 15:01:21,399 INFO: Resampling 완료 — splib_raw:2462, splib_cr:2462, label_raw:2, label_cr:2
2026-03-31 15:02:34,232 ERROR: [LayersDock] 저장 실패
Traceback (most recent call last):
  File "C:\Users\pde15\Desktop\hsi_crop_preprcoessing\pyqt_code\third_pixel_classification_tool\views\main_window.py", line 3024, in _on_save_layer_req
    self._save_npz_with_meta(
  File "C:\Users\pde15\Desktop\hsi_crop_preprcoessing\pyqt_code\third_pixel_classification_tool\views\main_window.py", line 3146, in _save_npz_with_meta
    c = int(data.shape[2])
IndexError: tuple index out of range
2026-03-31 15:07:45,341 INFO: Fallback logging configured (utils.logging_setup not found)
2026-03-31 15:07:45,361 INFO: Loaded .env from C:\Users\pde15\Desktop\hsi_crop_preprcoessing\pyqt_code\third_pixel_classification_tool\.env
2026-03-31 15:07:45,363 INFO: icon.rcc not found (skip)
2026-03-31 15:07:55,200 INFO: [MainWindow] image_cd를 .info 파일에 저장: E:\3dlabs_data\sample\sample.mat -> 20
2026-03-31 15:07:55,215 INFO: [ResampleCache] cached result loaded
2026-03-31 15:07:55,215 INFO: [ResampleCache] loaded: splib_raw=2462, splib_cr=2462, label_raw=2, label_cr=2
2026-03-31 15:07:55,217 INFO: [CID0_TRACE] apply_hsi_after_cache_bind: splib_raw:[key0->shape=(1, 150) dtype=float32] | splib_cr:[key0->shape=(1, 150) dtype=float32] | label_raw:no_cid0(n=2) | label_cr:no_cid0(n=2)
2026-03-31 15:07:55,217 INFO: [rebuild] label_raw input: 2 classes, samples={8: 2, 6: 2}
2026-03-31 15:07:55,217 INFO: [rebuild] label_cr input: 2 classes, samples={8: 2, 6: 2}
2026-03-31 15:07:55,218 INFO: [_norm_entries] splib_raw: input dict with 2462 keys
2026-03-31 15:07:55,225 INFO: [_norm_entries] splib_raw: output 2462 classes, 2462 total samples
2026-03-31 15:07:55,226 INFO: [_norm_entries] splib_cr: input dict with 2462 keys
2026-03-31 15:07:55,234 INFO: [_norm_entries] splib_cr: output 2462 classes, 2462 total samples
2026-03-31 15:07:55,235 INFO: [_norm_entries] label_raw: input dict with 2 keys
2026-03-31 15:07:55,235 INFO: [_norm_entries] label_raw: output 2 classes, 4 total samples
2026-03-31 15:07:55,236 INFO: [_norm_entries] label_cr: input dict with 2 keys
2026-03-31 15:07:55,236 INFO: [_norm_entries] label_cr: output 2 classes, 4 total samples
2026-03-31 15:07:55,236 INFO: [rebuild] after _norm_entries: label_raw_norm=2 classes, label_cr_norm=2 classes
2026-03-31 15:07:55,300 INFO: [CID0_TRACE] rebuild_lib_after_norm: splib_raw_norm:[key0->shape=(1, 150) dtype=float32] | splib_cr_norm:[key0->shape=(1, 150) dtype=float32] | label_raw_norm:no_cid0(n=2) | label_cr_norm:no_cid0(n=2) | lib:[key0->shape=(1, 150) dtype=float32]
2026-03-31 15:07:55,303 INFO: [rebuild] classes: splib_raw=2462, splib_cr=2462, label_raw=2, label_cr=2, lib(raw+splib+label raw)=2462, merged_lib_cr=2462
2026-03-31 15:07:55,303 INFO: [rebuild] label_raw=2 classes / 4 samples, label_cr=2 classes / 4 samples, lib=2462 classes / 2466 samples
2026-03-31 15:07:55,313 INFO: [Rebuild] lib=2462 classes, labeling_lib=2 classes
2026-03-31 15:07:55,314 INFO: Resampling 완료 — splib_raw:2462, splib_cr:2462, label_raw:2, label_cr:2
2026-03-31 15:08:49,298 ERROR: [NPZ] failed to serialize id_to_name
Traceback (most recent call last):
  File "C:\Users\pde15\Desktop\hsi_crop_preprcoessing\pyqt_code\third_pixel_classification_tool\views\main_window.py", line 3217, in _save_npz_with_meta
    [norm_map[i] for i in present_ids], dtype=np.unicode_
  File "C:\Users\pde15\anaconda3\envs\hsi_crop_env\lib\site-packages\numpy\__init__.py", line 413, in __getattr__
    raise AttributeError(
AttributeError: `np.unicode_` was removed in the NumPy 2.0 release. Use `np.str_` instead.
2026-03-31 15:11:25,155 INFO: Fallback logging configured (utils.logging_setup not found)
2026-03-31 15:11:25,173 INFO: Loaded .env from C:\Users\pde15\Desktop\hsi_crop_preprcoessing\pyqt_code\third_pixel_classification_tool\.env
2026-03-31 15:11:25,174 INFO: icon.rcc not found (skip)
2026-03-31 15:19:08,426 INFO: Fallback logging configured (utils.logging_setup not found)
2026-03-31 15:19:08,447 INFO: Loaded .env from C:\Users\pde15\Desktop\hsi_crop_preprcoessing\pyqt_code\third_pixel_classification_tool\.env
2026-03-31 15:19:08,447 INFO: icon.rcc not found (skip)
2026-03-31 15:19:23,238 INFO: [MainWindow] image_cd를 .info 파일에 저장: E:\3dlabs_data\sample\sample.mat -> 20
2026-03-31 15:19:23,251 INFO: [ResampleCache] cached result loaded
2026-03-31 15:19:23,252 INFO: [ResampleCache] loaded: splib_raw=2462, splib_cr=2462, label_raw=2, label_cr=2
2026-03-31 15:19:23,253 INFO: [CID0_TRACE] apply_hsi_after_cache_bind: splib_raw:[key0->shape=(1, 150) dtype=float32] | splib_cr:[key0->shape=(1, 150) dtype=float32] | label_raw:no_cid0(n=2) | label_cr:no_cid0(n=2)
2026-03-31 15:19:23,253 INFO: [rebuild] label_raw input: 2 classes, samples={8: 2, 6: 2}
2026-03-31 15:19:23,254 INFO: [rebuild] label_cr input: 2 classes, samples={8: 2, 6: 2}
2026-03-31 15:19:23,254 INFO: [_norm_entries] splib_raw: input dict with 2462 keys
2026-03-31 15:19:23,261 INFO: [_norm_entries] splib_raw: output 2462 classes, 2462 total samples
2026-03-31 15:19:23,262 INFO: [_norm_entries] splib_cr: input dict with 2462 keys
2026-03-31 15:19:23,270 INFO: [_norm_entries] splib_cr: output 2462 classes, 2462 total samples
2026-03-31 15:19:23,271 INFO: [_norm_entries] label_raw: input dict with 2 keys
2026-03-31 15:19:23,271 INFO: [_norm_entries] label_raw: output 2 classes, 4 total samples
2026-03-31 15:19:23,272 INFO: [_norm_entries] label_cr: input dict with 2 keys
2026-03-31 15:19:23,272 INFO: [_norm_entries] label_cr: output 2 classes, 4 total samples
2026-03-31 15:19:23,272 INFO: [rebuild] after _norm_entries: label_raw_norm=2 classes, label_cr_norm=2 classes
2026-03-31 15:19:23,333 INFO: [CID0_TRACE] rebuild_lib_after_norm: splib_raw_norm:[key0->shape=(1, 150) dtype=float32] | splib_cr_norm:[key0->shape=(1, 150) dtype=float32] | label_raw_norm:no_cid0(n=2) | label_cr_norm:no_cid0(n=2) | lib:[key0->shape=(1, 150) dtype=float32]
2026-03-31 15:19:23,336 INFO: [rebuild] classes: splib_raw=2462, splib_cr=2462, label_raw=2, label_cr=2, lib(raw+splib+label raw)=2462, merged_lib_cr=2462
2026-03-31 15:19:23,336 INFO: [rebuild] label_raw=2 classes / 4 samples, label_cr=2 classes / 4 samples, lib=2462 classes / 2466 samples
2026-03-31 15:19:23,345 INFO: [Rebuild] lib=2462 classes, labeling_lib=2 classes
2026-03-31 15:19:23,347 INFO: Resampling 완료 — splib_raw:2462, splib_cr:2462, label_raw:2, label_cr:2
2026-03-31 15:43:37,179 INFO: Fallback logging configured (utils.logging_setup not found)
2026-03-31 15:43:37,208 INFO: Loaded .env from C:\Users\pde15\Desktop\hsi_crop_preprcoessing\pyqt_code\third_pixel_classification_tool\.env
2026-03-31 15:43:37,209 INFO: icon.rcc not found (skip)
2026-03-31 15:43:50,832 INFO: [MainWindow] image_cd를 .info 파일에 저장: E:\3dlabs_data\sample\sample.mat -> 20
2026-03-31 15:43:50,863 INFO: [ResampleCache] cached result loaded
2026-03-31 15:43:50,864 INFO: [ResampleCache] loaded: splib_raw=2462, splib_cr=2462, label_raw=2, label_cr=2
2026-03-31 15:43:50,865 INFO: [CID0_TRACE] apply_hsi_after_cache_bind: splib_raw:[key0->shape=(1, 150) dtype=float32] | splib_cr:[key0->shape=(1, 150) dtype=float32] | label_raw:no_cid0(n=2) | label_cr:no_cid0(n=2)
2026-03-31 15:43:50,865 INFO: [rebuild] label_raw input: 2 classes, samples={8: 2, 6: 2}
2026-03-31 15:43:50,866 INFO: [rebuild] label_cr input: 2 classes, samples={8: 2, 6: 2}
2026-03-31 15:43:50,866 INFO: [_norm_entries] splib_raw: input dict with 2462 keys
2026-03-31 15:43:50,875 INFO: [_norm_entries] splib_raw: output 2462 classes, 2462 total samples
2026-03-31 15:43:50,876 INFO: [_norm_entries] splib_cr: input dict with 2462 keys
2026-03-31 15:43:50,885 INFO: [_norm_entries] splib_cr: output 2462 classes, 2462 total samples
2026-03-31 15:43:50,886 INFO: [_norm_entries] label_raw: input dict with 2 keys
2026-03-31 15:43:50,886 INFO: [_norm_entries] label_raw: output 2 classes, 4 total samples
2026-03-31 15:43:50,886 INFO: [_norm_entries] label_cr: input dict with 2 keys
2026-03-31 15:43:50,887 INFO: [_norm_entries] label_cr: output 2 classes, 4 total samples
2026-03-31 15:43:50,887 INFO: [rebuild] after _norm_entries: label_raw_norm=2 classes, label_cr_norm=2 classes
2026-03-31 15:43:50,960 INFO: [CID0_TRACE] rebuild_lib_after_norm: splib_raw_norm:[key0->shape=(1, 150) dtype=float32] | splib_cr_norm:[key0->shape=(1, 150) dtype=float32] | label_raw_norm:no_cid0(n=2) | label_cr_norm:no_cid0(n=2) | lib:[key0->shape=(1, 150) dtype=float32]
2026-03-31 15:43:50,963 INFO: [rebuild] classes: splib_raw=2462, splib_cr=2462, label_raw=2, label_cr=2, lib(raw+splib+label raw)=2462, merged_lib_cr=2462
2026-03-31 15:43:50,963 INFO: [rebuild] label_raw=2 classes / 4 samples, label_cr=2 classes / 4 samples, lib=2462 classes / 2466 samples
2026-03-31 15:43:50,975 INFO: [Rebuild] lib=2462 classes, labeling_lib=2 classes
2026-03-31 15:43:50,977 INFO: Resampling 완료 — splib_raw:2462, splib_cr:2462, label_raw:2, label_cr:2
2026-03-31 15:48:43,181 INFO: Fallback logging configured (utils.logging_setup not found)
2026-03-31 15:48:43,203 INFO: Loaded .env from C:\Users\pde15\Desktop\hsi_crop_preprcoessing\pyqt_code\third_pixel_classification_tool\.env
2026-03-31 15:48:43,204 INFO: icon.rcc not found (skip)
2026-03-31 15:49:49,707 INFO: [MainWindow] image_cd를 .info 파일에 저장: E:\3dlabs_data\sample\sample.mat -> 20
2026-03-31 15:49:49,719 INFO: [ResampleCache] cached result loaded
2026-03-31 15:49:49,720 INFO: [ResampleCache] loaded: splib_raw=2462, splib_cr=2462, label_raw=2, label_cr=2
2026-03-31 15:49:49,721 INFO: [CID0_TRACE] apply_hsi_after_cache_bind: splib_raw:[key0->shape=(1, 150) dtype=float32] | splib_cr:[key0->shape=(1, 150) dtype=float32] | label_raw:no_cid0(n=2) | label_cr:no_cid0(n=2)
2026-03-31 15:49:49,721 INFO: [rebuild] label_raw input: 2 classes, samples={8: 2, 6: 2}
2026-03-31 15:49:49,721 INFO: [rebuild] label_cr input: 2 classes, samples={8: 2, 6: 2}
2026-03-31 15:49:49,721 INFO: [_norm_entries] splib_raw: input dict with 2462 keys
2026-03-31 15:49:49,730 INFO: [_norm_entries] splib_raw: output 2462 classes, 2462 total samples
2026-03-31 15:49:49,731 INFO: [_norm_entries] splib_cr: input dict with 2462 keys
2026-03-31 15:49:49,738 INFO: [_norm_entries] splib_cr: output 2462 classes, 2462 total samples
2026-03-31 15:49:49,738 INFO: [_norm_entries] label_raw: input dict with 2 keys
2026-03-31 15:49:49,740 INFO: [_norm_entries] label_raw: output 2 classes, 4 total samples
2026-03-31 15:49:49,740 INFO: [_norm_entries] label_cr: input dict with 2 keys
2026-03-31 15:49:49,740 INFO: [_norm_entries] label_cr: output 2 classes, 4 total samples
2026-03-31 15:49:49,740 INFO: [rebuild] after _norm_entries: label_raw_norm=2 classes, label_cr_norm=2 classes
2026-03-31 15:49:49,804 INFO: [CID0_TRACE] rebuild_lib_after_norm: splib_raw_norm:[key0->shape=(1, 150) dtype=float32] | splib_cr_norm:[key0->shape=(1, 150) dtype=float32] | label_raw_norm:no_cid0(n=2) | label_cr_norm:no_cid0(n=2) | lib:[key0->shape=(1, 150) dtype=float32]
2026-03-31 15:49:49,807 INFO: [rebuild] classes: splib_raw=2462, splib_cr=2462, label_raw=2, label_cr=2, lib(raw+splib+label raw)=2462, merged_lib_cr=2462
2026-03-31 15:49:49,807 INFO: [rebuild] label_raw=2 classes / 4 samples, label_cr=2 classes / 4 samples, lib=2462 classes / 2466 samples
2026-03-31 15:49:49,816 INFO: [Rebuild] lib=2462 classes, labeling_lib=2 classes
2026-03-31 15:49:49,818 INFO: Resampling 완료 — splib_raw:2462, splib_cr:2462, label_raw:2, label_cr:2
2026-03-31 15:54:56,006 INFO: [AnalysisDialog] Found 3 comboboxes: ['cb_intermediate_target', 'cb_class_range', 'comboBox']
2026-03-31 15:54:56,006 ERROR: [class combo] cbClassRange not found in UI
2026-03-31 15:54:56,006 WARNING: [AnalysisDialog] Found cb_class_range by alternative method
2026-03-31 15:54:56,126 INFO: [Analysis] dialog opened: HxW=500x500, mask_sum=0
2026-03-31 15:54:56,186 INFO: [MainWindow] (pixel mode) connecting analysisMaskChanged signal
2026-03-31 15:54:56,186 INFO: [MainWindow] (pixel mode) analysisMaskChanged signal connected
2026-03-31 15:54:56,187 INFO: [AnalysisSel] _emit_mask_changed called: mask=True, rect=None
2026-03-31 15:54:56,187 INFO: [AnalysisSel] emitting analysisMaskChanged: mask sum=0, rect=PyQt5.QtCore.QRect()
2026-03-31 15:54:56,188 INFO: [Analysis] _on_analysis_mask_changed_from_ctrl called: mask=True, rect=PyQt5.QtCore.QRect()
2026-03-31 15:54:56,188 INFO: [AnalysisDialog] update_mask: empty mask, clearing data
2026-03-31 15:54:56,325 INFO: [Analysis] ★ dialog mask updated: visible=True, mask_sum=0, shape=(500, 500)
2026-03-31 15:54:56,326 INFO: [AnalysisSel] analysisMaskChanged signal emitted successfully
2026-03-31 15:54:56,328 INFO: [hist_apply] source=combo-populate, cid=-1
2026-03-31 15:54:56,328 INFO: [AnalysisDialog] update_histogram start: cid=None, mask_set=True, topk_set=True, mode=checked
2026-03-31 15:54:56,334 INFO: [AnalysisDialog] update_histogram aborted: current_hist_cid=None
2026-03-31 15:54:59,479 INFO: [AnalysisSel] _emit_mask_changed called: mask=True, rect=PyQt5.QtCore.QRect(323, 140, 11, 4)
2026-03-31 15:54:59,480 INFO: [AnalysisSel] emitting analysisMaskChanged: mask sum=44, rect=PyQt5.QtCore.QRect(323, 140, 11, 4)
2026-03-31 15:54:59,480 INFO: [Analysis] _on_analysis_mask_changed_from_ctrl called: mask=True, rect=PyQt5.QtCore.QRect(323, 140, 11, 4)
2026-03-31 15:54:59,485 INFO: [hist_apply] source=combo-populate, cid=8
2026-03-31 15:54:59,486 INFO: [AnalysisDialog] update_histogram start: cid=8, mask_set=True, topk_set=True, mode=combo
2026-03-31 15:54:59,871 INFO: [AnalysisDialog] mask updated: shape=(500, 500), sum=44
2026-03-31 15:54:59,872 INFO: [Analysis] ★ dialog mask updated: visible=True, mask_sum=44, shape=(500, 500)
2026-03-31 15:54:59,872 INFO: [AnalysisSel] analysisMaskChanged signal emitted successfully
2026-03-31 15:55:08,641 INFO: [AnalysisSel] _emit_mask_changed called: mask=True, rect=None
2026-03-31 15:55:08,641 INFO: [AnalysisSel] emitting analysisMaskChanged: mask sum=0, rect=PyQt5.QtCore.QRect()
2026-03-31 15:55:08,642 INFO: [AnalysisSel] analysisMaskChanged signal emitted successfully
2026-03-31 15:55:08,642 INFO: [AnalysisDialog] update_mask: empty mask, clearing data
2026-03-31 15:55:08,774 INFO: [Analysis] 분석 영역 초기화 완료
2026-03-31 16:30:23,710 INFO: Fallback logging configured (utils.logging_setup not found)
2026-03-31 16:30:23,732 INFO: Loaded .env from C:\Users\pde15\Desktop\hsi_crop_preprcoessing\pyqt_code\third_pixel_classification_tool\.env
2026-03-31 16:30:23,733 INFO: icon.rcc not found (skip)
2026-03-31 16:30:37,623 INFO: [MainWindow] image_cd를 .info 파일에 저장: E:\3dlabs_data\sample\sample.mat -> 20
2026-03-31 16:30:37,672 INFO: [ResampleCache] cached result loaded
2026-03-31 16:30:37,673 INFO: [ResampleCache] loaded: splib_raw=2462, splib_cr=2462, label_raw=2, label_cr=2
2026-03-31 16:30:37,675 INFO: [CID0_TRACE] apply_hsi_after_cache_bind: splib_raw:[key0->shape=(1, 150) dtype=float32] | splib_cr:[key0->shape=(1, 150) dtype=float32] | label_raw:no_cid0(n=2) | label_cr:no_cid0(n=2)
2026-03-31 16:30:37,676 INFO: [rebuild] label_raw input: 2 classes, samples={8: 2, 6: 2}
2026-03-31 16:30:37,676 INFO: [rebuild] label_cr input: 2 classes, samples={8: 2, 6: 2}
2026-03-31 16:30:37,676 INFO: [_norm_entries] splib_raw: input dict with 2462 keys
2026-03-31 16:30:37,683 INFO: [_norm_entries] splib_raw: output 2462 classes, 2462 total samples
2026-03-31 16:30:37,684 INFO: [_norm_entries] splib_cr: input dict with 2462 keys
2026-03-31 16:30:37,694 INFO: [_norm_entries] splib_cr: output 2462 classes, 2462 total samples
2026-03-31 16:30:37,695 INFO: [_norm_entries] label_raw: input dict with 2 keys
2026-03-31 16:30:37,695 INFO: [_norm_entries] label_raw: output 2 classes, 4 total samples
2026-03-31 16:30:37,696 INFO: [_norm_entries] label_cr: input dict with 2 keys
2026-03-31 16:30:37,696 INFO: [_norm_entries] label_cr: output 2 classes, 4 total samples
2026-03-31 16:30:37,697 INFO: [rebuild] after _norm_entries: label_raw_norm=2 classes, label_cr_norm=2 classes
2026-03-31 16:30:37,759 INFO: [CID0_TRACE] rebuild_lib_after_norm: splib_raw_norm:[key0->shape=(1, 150) dtype=float32] | splib_cr_norm:[key0->shape=(1, 150) dtype=float32] | label_raw_norm:no_cid0(n=2) | label_cr_norm:no_cid0(n=2) | lib:[key0->shape=(1, 150) dtype=float32]
2026-03-31 16:30:37,763 INFO: [rebuild] classes: splib_raw=2462, splib_cr=2462, label_raw=2, label_cr=2, lib(raw+splib+label raw)=2462, merged_lib_cr=2462
2026-03-31 16:30:37,764 INFO: [rebuild] label_raw=2 classes / 4 samples, label_cr=2 classes / 4 samples, lib=2462 classes / 2466 samples
2026-03-31 16:30:37,774 INFO: [Rebuild] lib=2462 classes, labeling_lib=2 classes
2026-03-31 16:30:37,776 INFO: Resampling 완료 — splib_raw:2462, splib_cr:2462, label_raw:2, label_cr:2
2026-03-31 16:32:32,015 INFO: Fallback logging configured (utils.logging_setup not found)
2026-03-31 16:32:32,032 INFO: Loaded .env from C:\Users\pde15\Desktop\hsi_crop_preprcoessing\pyqt_code\third_pixel_classification_tool\.env
2026-03-31 16:32:32,033 INFO: icon.rcc not found (skip)
2026-03-31 16:32:42,567 INFO: [MainWindow] image_cd를 .info 파일에 저장: E:\3dlabs_data\sample\sample.mat -> 20
2026-03-31 16:32:42,581 INFO: [ResampleCache] cached result loaded
2026-03-31 16:32:42,581 INFO: [ResampleCache] loaded: splib_raw=2462, splib_cr=2462, label_raw=2, label_cr=2
2026-03-31 16:32:42,582 INFO: [CID0_TRACE] apply_hsi_after_cache_bind: splib_raw:[key0->shape=(1, 150) dtype=float32] | splib_cr:[key0->shape=(1, 150) dtype=float32] | label_raw:no_cid0(n=2) | label_cr:no_cid0(n=2)
2026-03-31 16:32:42,582 INFO: [rebuild] label_raw input: 2 classes, samples={8: 2, 6: 2}
2026-03-31 16:32:42,583 INFO: [rebuild] label_cr input: 2 classes, samples={8: 2, 6: 2}
2026-03-31 16:32:42,583 INFO: [_norm_entries] splib_raw: input dict with 2462 keys
2026-03-31 16:32:42,591 INFO: [_norm_entries] splib_raw: output 2462 classes, 2462 total samples
2026-03-31 16:32:42,591 INFO: [_norm_entries] splib_cr: input dict with 2462 keys
2026-03-31 16:32:42,600 INFO: [_norm_entries] splib_cr: output 2462 classes, 2462 total samples
2026-03-31 16:32:42,600 INFO: [_norm_entries] label_raw: input dict with 2 keys
2026-03-31 16:32:42,600 INFO: [_norm_entries] label_raw: output 2 classes, 4 total samples
2026-03-31 16:32:42,600 INFO: [_norm_entries] label_cr: input dict with 2 keys
2026-03-31 16:32:42,600 INFO: [_norm_entries] label_cr: output 2 classes, 4 total samples
2026-03-31 16:32:42,602 INFO: [rebuild] after _norm_entries: label_raw_norm=2 classes, label_cr_norm=2 classes
2026-03-31 16:32:42,665 INFO: [CID0_TRACE] rebuild_lib_after_norm: splib_raw_norm:[key0->shape=(1, 150) dtype=float32] | splib_cr_norm:[key0->shape=(1, 150) dtype=float32] | label_raw_norm:no_cid0(n=2) | label_cr_norm:no_cid0(n=2) | lib:[key0->shape=(1, 150) dtype=float32]
2026-03-31 16:32:42,668 INFO: [rebuild] classes: splib_raw=2462, splib_cr=2462, label_raw=2, label_cr=2, lib(raw+splib+label raw)=2462, merged_lib_cr=2462
2026-03-31 16:32:42,669 INFO: [rebuild] label_raw=2 classes / 4 samples, label_cr=2 classes / 4 samples, lib=2462 classes / 2466 samples
2026-03-31 16:32:42,678 INFO: [Rebuild] lib=2462 classes, labeling_lib=2 classes
2026-03-31 16:32:42,680 INFO: Resampling 완료 — splib_raw:2462, splib_cr:2462, label_raw:2, label_cr:2
2026-03-31 16:32:57,851 INFO: Fallback logging configured (utils.logging_setup not found)
2026-03-31 16:32:57,869 INFO: Loaded .env from C:\Users\pde15\Desktop\hsi_crop_preprcoessing\pyqt_code\third_pixel_classification_tool\.env
2026-03-31 16:32:57,870 INFO: icon.rcc not found (skip)
2026-03-31 16:33:07,812 INFO: [MainWindow] image_cd를 .info 파일에 저장: E:\3dlabs_data\sample\sample.mat -> 20
2026-03-31 16:33:07,825 INFO: [ResampleCache] cached result loaded
2026-03-31 16:33:07,826 INFO: [ResampleCache] loaded: splib_raw=2462, splib_cr=2462, label_raw=2, label_cr=2
2026-03-31 16:33:07,827 INFO: [CID0_TRACE] apply_hsi_after_cache_bind: splib_raw:[key0->shape=(1, 150) dtype=float32] | splib_cr:[key0->shape=(1, 150) dtype=float32] | label_raw:no_cid0(n=2) | label_cr:no_cid0(n=2)
2026-03-31 16:33:07,827 INFO: [rebuild] label_raw input: 2 classes, samples={8: 2, 6: 2}
2026-03-31 16:33:07,827 INFO: [rebuild] label_cr input: 2 classes, samples={8: 2, 6: 2}
2026-03-31 16:33:07,828 INFO: [_norm_entries] splib_raw: input dict with 2462 keys
2026-03-31 16:33:07,835 INFO: [_norm_entries] splib_raw: output 2462 classes, 2462 total samples
2026-03-31 16:33:07,836 INFO: [_norm_entries] splib_cr: input dict with 2462 keys
2026-03-31 16:33:07,844 INFO: [_norm_entries] splib_cr: output 2462 classes, 2462 total samples
2026-03-31 16:33:07,845 INFO: [_norm_entries] label_raw: input dict with 2 keys
2026-03-31 16:33:07,845 INFO: [_norm_entries] label_raw: output 2 classes, 4 total samples
2026-03-31 16:33:07,846 INFO: [_norm_entries] label_cr: input dict with 2 keys
2026-03-31 16:33:07,846 INFO: [_norm_entries] label_cr: output 2 classes, 4 total samples
2026-03-31 16:33:07,846 INFO: [rebuild] after _norm_entries: label_raw_norm=2 classes, label_cr_norm=2 classes
2026-03-31 16:33:07,907 INFO: [CID0_TRACE] rebuild_lib_after_norm: splib_raw_norm:[key0->shape=(1, 150) dtype=float32] | splib_cr_norm:[key0->shape=(1, 150) dtype=float32] | label_raw_norm:no_cid0(n=2) | label_cr_norm:no_cid0(n=2) | lib:[key0->shape=(1, 150) dtype=float32]
2026-03-31 16:33:07,911 INFO: [rebuild] classes: splib_raw=2462, splib_cr=2462, label_raw=2, label_cr=2, lib(raw+splib+label raw)=2462, merged_lib_cr=2462
2026-03-31 16:33:07,911 INFO: [rebuild] label_raw=2 classes / 4 samples, label_cr=2 classes / 4 samples, lib=2462 classes / 2466 samples
2026-03-31 16:33:07,921 INFO: [Rebuild] lib=2462 classes, labeling_lib=2 classes
2026-03-31 16:33:07,922 INFO: Resampling 완료 — splib_raw:2462, splib_cr:2462, label_raw:2, label_cr:2
2026-03-31 16:41:40,856 INFO: Fallback logging configured (utils.logging_setup not found)
2026-03-31 16:41:40,880 INFO: Loaded .env from C:\Users\pde15\Desktop\hsi_crop_preprcoessing\pyqt_code\third_pixel_classification_tool\.env
2026-03-31 16:41:40,882 INFO: icon.rcc not found (skip)
2026-03-31 17:48:20,600 INFO: Fallback logging configured (utils.logging_setup not found)
2026-03-31 17:48:20,620 INFO: Loaded .env from C:\Users\pde15\Desktop\hsi_crop_preprcoessing\pyqt_code\third_pixel_classification_tool\.env
2026-03-31 17:48:20,620 INFO: icon.rcc not found (skip)
2026-03-31 17:50:00,210 INFO: [MainWindow] image_cd를 .info 파일에 저장: E:\3dlabs_data\sample\sample.mat -> 20
2026-03-31 17:50:00,258 INFO: [ResampleCache] cached result loaded
2026-03-31 17:50:00,258 INFO: [ResampleCache] loaded: splib_raw=2462, splib_cr=2462, label_raw=2, label_cr=2
2026-03-31 17:50:00,260 INFO: [CID0_TRACE] apply_hsi_after_cache_bind: splib_raw:[key0->shape=(1, 150) dtype=float32] | splib_cr:[key0->shape=(1, 150) dtype=float32] | label_raw:no_cid0(n=2) | label_cr:no_cid0(n=2)
2026-03-31 17:50:00,261 INFO: [rebuild] label_raw input: 2 classes, samples={8: 2, 6: 2}
2026-03-31 17:50:00,261 INFO: [rebuild] label_cr input: 2 classes, samples={8: 2, 6: 2}
2026-03-31 17:50:00,261 INFO: [_norm_entries] splib_raw: input dict with 2462 keys
2026-03-31 17:50:00,282 INFO: [_norm_entries] splib_raw: output 2462 classes, 2462 total samples
2026-03-31 17:50:00,283 INFO: [_norm_entries] splib_cr: input dict with 2462 keys
2026-03-31 17:50:00,298 INFO: [_norm_entries] splib_cr: output 2462 classes, 2462 total samples
2026-03-31 17:50:00,299 INFO: [_norm_entries] label_raw: input dict with 2 keys
2026-03-31 17:50:00,299 INFO: [_norm_entries] label_raw: output 2 classes, 4 total samples
2026-03-31 17:50:00,300 INFO: [_norm_entries] label_cr: input dict with 2 keys
2026-03-31 17:50:00,300 INFO: [_norm_entries] label_cr: output 2 classes, 4 total samples
2026-03-31 17:50:00,300 INFO: [rebuild] after _norm_entries: label_raw_norm=2 classes, label_cr_norm=2 classes
2026-03-31 17:50:00,404 INFO: [CID0_TRACE] rebuild_lib_after_norm: splib_raw_norm:[key0->shape=(1, 150) dtype=float32] | splib_cr_norm:[key0->shape=(1, 150) dtype=float32] | label_raw_norm:no_cid0(n=2) | label_cr_norm:no_cid0(n=2) | lib:[key0->shape=(1, 150) dtype=float32]
2026-03-31 17:50:00,408 INFO: [rebuild] classes: splib_raw=2462, splib_cr=2462, label_raw=2, label_cr=2, lib(raw+splib+label raw)=2462, merged_lib_cr=2462
2026-03-31 17:50:00,409 INFO: [rebuild] label_raw=2 classes / 4 samples, label_cr=2 classes / 4 samples, lib=2462 classes / 2466 samples
2026-03-31 17:50:00,425 INFO: [Rebuild] lib=2462 classes, labeling_lib=2 classes
2026-03-31 17:50:00,427 INFO: Resampling 완료 — splib_raw:2462, splib_cr:2462, label_raw:2, label_cr:2
2026-03-31 17:52:44,756 INFO: [CID_REC_PICK] PixelLabeling._build_class_options_for_labeling[mtrl_cd_only] has(mtrl_cd=True,cid=False,class_id=False) vals(mtrl_cd=0,cid=None,class_id=None) picked_cid=0 rec_name='알리자린 크림슨 (진한색)' rec_keys=['mtrl_cd', 'mtrl_nm']
2026-03-31 17:53:04,194 INFO: [MaterialAdd] user_type: server
2026-03-31 17:53:04,227 INFO: [update_class_in_info] 저장 시도: primary=E:\3dlabs_data\sample\sample.mat, info_path=E:\3dlabs_data\sample\sample.mat.resample.info, mtrl_cd=5900, mtrl_nm=ttest-2026-03-31
2026-03-31 17:53:04,227 INFO: [update_class_in_info] 기존 .info 파일 읽기 완료: classes=2개
2026-03-31 17:53:04,228 INFO: [update_class_in_info] 신규 클래스 추가: cid=5900, mtrl_nm=ttest-2026-03-31
2026-03-31 17:53:04,229 INFO: [update_class_in_info] .info 파일 저장 완료: E:\3dlabs_data\sample\sample.mat.resample.info (크기: 1455 bytes, classes: 3개)
2026-03-31 17:53:04,241 INFO: [update_class_in_info] 저장 확인: cid=5900, mtrl_nm=ttest-2026-03-31
2026-03-31 17:53:12,468 INFO: [UserLabeling] 초기 클래스 로드(server): 5900개
2026-03-31 17:53:12,617 INFO: [CID_REC_PICK] UserLabeling._normalize_class_options[mtrl_cd_only] has(mtrl_cd=True,cid=False,class_id=False) vals(mtrl_cd=0,cid=None,class_id=None) picked_cid=0 rec_name='알리자린 크림슨 (진한색)' rec_keys=['mtrl_cd', 'mtrl_nm']
2026-03-31 17:53:26,986 INFO: [UserLabeling] server 사용자: API 호출 시도
2026-03-31 17:53:27,232 INFO: [CID_REC_PICK] PixelLabeling._build_class_options_for_labeling[mtrl_cd_only] has(mtrl_cd=True,cid=False,class_id=False) vals(mtrl_cd=0,cid=None,class_id=None) picked_cid=0 rec_name='알리자린 크림슨 (진한색)' rec_keys=['mtrl_cd', 'mtrl_nm']
2026-04-01 11:52:23,946 INFO: Fallback logging configured (utils.logging_setup not found)
2026-04-01 11:52:23,982 INFO: Loaded .env from C:\Users\pde15\Desktop\hsi_crop_preprcoessing\pyqt_code\third_pixel_classification_tool\.env
2026-04-01 11:52:23,983 INFO: icon.rcc not found (skip)
2026-04-01 11:52:27,478 ERROR: MainWindow import failed: No module named 'services.transparency_service'
Traceback (most recent call last):
  File "C:\Users\pde15\Desktop\hsi_crop_preprcoessing\pyqt_code\third_pixel_classification_tool\app.py", line 102, in main
    from views.main_window import MainWindow  # type: ignore
  File "C:\Users\pde15\Desktop\hsi_crop_preprcoessing\pyqt_code\third_pixel_classification_tool\views\main_window.py", line 31, in <module>
    from services.transparency_service import TransparencyService
ModuleNotFoundError: No module named 'services.transparency_service'
2026-04-01 11:54:43,931 INFO: Fallback logging configured (utils.logging_setup not found)
2026-04-01 11:54:43,953 INFO: Loaded .env from C:\Users\pde15\Desktop\hsi_crop_preprcoessing\pyqt_code\third_pixel_classification_tool\.env
2026-04-01 11:54:43,954 INFO: icon.rcc not found (skip)
2026-04-01 11:54:59,984 INFO: [MainWindow] image_cd를 .info 파일에 저장: E:\3dlabs_data\sample\sample.mat -> 20
2026-04-01 11:55:00,039 INFO: [ResampleCache] cached result loaded
2026-04-01 11:55:00,040 INFO: [ResampleCache] loaded: splib_raw=2462, splib_cr=2462, label_raw=2, label_cr=2
2026-04-01 11:55:00,042 INFO: [CID0_TRACE] apply_hsi_after_cache_bind: splib_raw:[key0->shape=(1, 150) dtype=float32] | splib_cr:[key0->shape=(1, 150) dtype=float32] | label_raw:no_cid0(n=2) | label_cr:no_cid0(n=2)
2026-04-01 11:55:00,043 INFO: [rebuild] label_raw input: 2 classes, samples={8: 2, 6: 2}
2026-04-01 11:55:00,043 INFO: [rebuild] label_cr input: 2 classes, samples={8: 2, 6: 2}
2026-04-01 11:55:00,043 INFO: [_norm_entries] splib_raw: input dict with 2462 keys
2026-04-01 11:55:00,060 INFO: [_norm_entries] splib_raw: output 2462 classes, 2462 total samples
2026-04-01 11:55:00,060 INFO: [_norm_entries] splib_cr: input dict with 2462 keys
2026-04-01 11:55:00,074 INFO: [_norm_entries] splib_cr: output 2462 classes, 2462 total samples
2026-04-01 11:55:00,075 INFO: [_norm_entries] label_raw: input dict with 2 keys
2026-04-01 11:55:00,075 INFO: [_norm_entries] label_raw: output 2 classes, 4 total samples
2026-04-01 11:55:00,076 INFO: [_norm_entries] label_cr: input dict with 2 keys
2026-04-01 11:55:00,076 INFO: [_norm_entries] label_cr: output 2 classes, 4 total samples
2026-04-01 11:55:00,077 INFO: [rebuild] after _norm_entries: label_raw_norm=2 classes, label_cr_norm=2 classes
2026-04-01 11:55:00,143 INFO: [CID0_TRACE] rebuild_lib_after_norm: splib_raw_norm:[key0->shape=(1, 150) dtype=float32] | splib_cr_norm:[key0->shape=(1, 150) dtype=float32] | label_raw_norm:no_cid0(n=2) | label_cr_norm:no_cid0(n=2) | lib:[key0->shape=(1, 150) dtype=float32]
2026-04-01 11:55:00,146 INFO: [rebuild] classes: splib_raw=2462, splib_cr=2462, label_raw=2, label_cr=2, lib(raw+splib+label raw)=2462, merged_lib_cr=2462
2026-04-01 11:55:00,147 INFO: [rebuild] label_raw=2 classes / 4 samples, label_cr=2 classes / 4 samples, lib=2462 classes / 2466 samples
2026-04-01 11:55:00,158 INFO: [Rebuild] lib=2462 classes, labeling_lib=2 classes
2026-04-01 11:55:00,161 INFO: Resampling 완료 — splib_raw:2462, splib_cr:2462, label_raw:2, label_cr:2
